// Jest Snapshot v1, https://goo.gl/fbAQLP

exports[`Forecast to match snapshot 1`] = `
<MemoryRouter
  initialEntries={
    Array [
      "/forecast/cambridge",
    ]
  }
>
  <Router
    history={
      Object {
        "action": "POP",
        "block": [Function],
        "canGo": [Function],
        "createHref": [Function],
        "entries": Array [
          Object {
            "hash": "",
            "key": "4ubdgp",
            "pathname": "/forecast/cambridge",
            "search": "",
            "state": undefined,
          },
        ],
        "go": [Function],
        "goBack": [Function],
        "goForward": [Function],
        "index": 0,
        "length": 1,
        "listen": [Function],
        "location": Object {
          "hash": "",
          "key": "4ubdgp",
          "pathname": "/forecast/cambridge",
          "search": "",
          "state": undefined,
        },
        "push": [Function],
        "replace": [Function],
      }
    }
  >
    <Route
      path="/forecast/:city"
    >
      <withRouter(Forecast)>
        <Forecast
          history={
            Object {
              "action": "POP",
              "block": [Function],
              "canGo": [Function],
              "createHref": [Function],
              "entries": Array [
                Object {
                  "hash": "",
                  "key": "4ubdgp",
                  "pathname": "/forecast/cambridge",
                  "search": "",
                  "state": undefined,
                },
              ],
              "go": [Function],
              "goBack": [Function],
              "goForward": [Function],
              "index": 0,
              "length": 1,
              "listen": [Function],
              "location": Object {
                "hash": "",
                "key": "4ubdgp",
                "pathname": "/forecast/cambridge",
                "search": "",
                "state": undefined,
              },
              "push": [Function],
              "replace": [Function],
            }
          }
          location={
            Object {
              "hash": "",
              "key": "4ubdgp",
              "pathname": "/forecast/cambridge",
              "search": "",
              "state": undefined,
            }
          }
          match={
            Object {
              "isExact": true,
              "params": Object {
                "city": "cambridge",
              },
              "path": "/forecast/:city",
              "url": "/forecast/cambridge",
            }
          }
        >
          <styled.div>
            <StyledComponent
              forwardedComponent={
                Object {
                  "$$typeof": Symbol(react.forward_ref),
                  "attrs": Array [],
                  "componentStyle": ComponentStyle {
                    "componentId": "sc-jTzLTM",
                    "isStatic": false,
                    "lastClassName": "dlvNfb",
                    "rules": Array [
                      "
  background-color: white;
",
                    ],
                  },
                  "displayName": "styled.div",
                  "foldedComponentIds": Array [],
                  "render": [Function],
                  "styledComponentId": "sc-jTzLTM",
                  "target": "div",
                  "toString": [Function],
                  "warnTooManyClasses": [Function],
                  "withComponent": [Function],
                }
              }
              forwardedRef={null}
            >
              <div
                className="sc-jTzLTM dlvNfb"
              >
                <Container
                  tag="div"
                >
                  <div
                    className="container"
                  >
                    <Styled(Fade)
                      in={true}
                      tag="div"
                    >
                      <StyledComponent
                        forwardedComponent={
                          Object {
                            "$$typeof": Symbol(react.forward_ref),
                            "attrs": Array [],
                            "componentStyle": ComponentStyle {
                              "componentId": "sc-fjdhpX",
                              "isStatic": false,
                              "lastClassName": "eVAoSk",
                              "rules": Array [
                                "
  height: 100%;
",
                              ],
                            },
                            "displayName": "Styled(Fade)",
                            "foldedComponentIds": Array [],
                            "render": [Function],
                            "styledComponentId": "sc-fjdhpX",
                            "target": [Function],
                            "toString": [Function],
                            "warnTooManyClasses": [Function],
                            "withComponent": [Function],
                          }
                        }
                        forwardedRef={null}
                        in={true}
                        tag="div"
                      >
                        <Fade
                          appear={true}
                          baseClass="fade"
                          baseClassActive="show"
                          className="sc-fjdhpX eVAoSk"
                          enter={true}
                          exit={true}
                          in={true}
                          mountOnEnter={false}
                          onEnter={[Function]}
                          onEntered={[Function]}
                          onEntering={[Function]}
                          onExit={[Function]}
                          onExited={[Function]}
                          onExiting={[Function]}
                          tag="div"
                          timeout={150}
                          unmountOnExit={false}
                        >
                          <Transition
                            appear={true}
                            enter={true}
                            exit={true}
                            in={true}
                            mountOnEnter={false}
                            onEnter={[Function]}
                            onEntered={[Function]}
                            onEntering={[Function]}
                            onExit={[Function]}
                            onExited={[Function]}
                            onExiting={[Function]}
                            timeout={150}
                            unmountOnExit={false}
                          >
                            <div
                              className="sc-fjdhpX eVAoSk fade"
                            >
                              <withRouter(ForecastList)>
                                <ForecastList
                                  history={
                                    Object {
                                      "action": "POP",
                                      "block": [Function],
                                      "canGo": [Function],
                                      "createHref": [Function],
                                      "entries": Array [
                                        Object {
                                          "hash": "",
                                          "key": "4ubdgp",
                                          "pathname": "/forecast/cambridge",
                                          "search": "",
                                          "state": undefined,
                                        },
                                      ],
                                      "go": [Function],
                                      "goBack": [Function],
                                      "goForward": [Function],
                                      "index": 0,
                                      "length": 1,
                                      "listen": [Function],
                                      "location": Object {
                                        "hash": "",
                                        "key": "4ubdgp",
                                        "pathname": "/forecast/cambridge",
                                        "search": "",
                                        "state": undefined,
                                      },
                                      "push": [Function],
                                      "replace": [Function],
                                    }
                                  }
                                  location={
                                    Object {
                                      "hash": "",
                                      "key": "4ubdgp",
                                      "pathname": "/forecast/cambridge",
                                      "search": "",
                                      "state": undefined,
                                    }
                                  }
                                  match={
                                    Object {
                                      "isExact": true,
                                      "params": Object {
                                        "city": "cambridge",
                                      },
                                      "path": "/forecast/:city",
                                      "url": "/forecast/cambridge",
                                    }
                                  }
                                >
                                  <styled.div>
                                    <StyledComponent
                                      forwardedComponent={
                                        Object {
                                          "$$typeof": Symbol(react.forward_ref),
                                          "attrs": Array [],
                                          "componentStyle": ComponentStyle {
                                            "componentId": "sc-iwsKbI",
                                            "isStatic": false,
                                            "lastClassName": "jFfrdl",
                                            "rules": Array [
                                              "
  align-items: center;
  justify-content: space-around;
  display: flex;
  flex-direction: column;
  flex: 1;
  height: 100%;
",
                                            ],
                                          },
                                          "displayName": "styled.div",
                                          "foldedComponentIds": Array [],
                                          "render": [Function],
                                          "styledComponentId": "sc-iwsKbI",
                                          "target": "div",
                                          "toString": [Function],
                                          "warnTooManyClasses": [Function],
                                          "withComponent": [Function],
                                        }
                                      }
                                      forwardedRef={null}
                                    >
                                      <div
                                        className="sc-iwsKbI jFfrdl"
                                      >
                                        <Styled(styled.span)>
                                          <StyledComponent
                                            forwardedComponent={
                                              Object {
                                                "$$typeof": Symbol(react.forward_ref),
                                                "attrs": Array [],
                                                "componentStyle": ComponentStyle {
                                                  "componentId": "sc-bxivhb",
                                                  "isStatic": false,
                                                  "lastClassName": "iSHCfY",
                                                  "rules": Array [
                                                    "
  color: #333;
  font-weight: 100;
  text-align: center;
",
                                                    "
  font-size: 3rem;
  margin-top: 30px;
",
                                                  ],
                                                },
                                                "displayName": "Styled(styled.span)",
                                                "foldedComponentIds": Array [
                                                  "sc-htpNat",
                                                ],
                                                "render": [Function],
                                                "styledComponentId": "sc-bxivhb",
                                                "target": "span",
                                                "toString": [Function],
                                                "warnTooManyClasses": [Function],
                                                "withComponent": [Function],
                                              }
                                            }
                                            forwardedRef={null}
                                          >
                                            <span
                                              className="sc-htpNat sc-bxivhb iSHCfY"
                                            >
                                              Cambridge
                                              , 
                                              CA
                                            </span>
                                          </StyledComponent>
                                        </Styled(styled.span)>
                                        <Styled(styled.span)>
                                          <StyledComponent
                                            forwardedComponent={
                                              Object {
                                                "$$typeof": Symbol(react.forward_ref),
                                                "attrs": Array [],
                                                "componentStyle": ComponentStyle {
                                                  "componentId": "sc-ifAKCX",
                                                  "isStatic": false,
                                                  "lastClassName": "iHPAFK",
                                                  "rules": Array [
                                                    "
  color: #333;
  font-weight: 100;
  text-align: center;
",
                                                    "
  font-size: 1rem;
",
                                                  ],
                                                },
                                                "displayName": "Styled(styled.span)",
                                                "foldedComponentIds": Array [
                                                  "sc-htpNat",
                                                ],
                                                "render": [Function],
                                                "styledComponentId": "sc-ifAKCX",
                                                "target": "span",
                                                "toString": [Function],
                                                "warnTooManyClasses": [Function],
                                                "withComponent": [Function],
                                              }
                                            }
                                            forwardedRef={null}
                                          >
                                            <span
                                              className="sc-htpNat sc-ifAKCX iHPAFK"
                                            >
                                              120372
                                            </span>
                                          </StyledComponent>
                                        </Styled(styled.span)>
                                        <styled.div
                                          height={50}
                                        >
                                          <StyledComponent
                                            forwardedComponent={
                                              Object {
                                                "$$typeof": Symbol(react.forward_ref),
                                                "attrs": Array [],
                                                "componentStyle": ComponentStyle {
                                                  "componentId": "sc-gZMcBi",
                                                  "isStatic": false,
                                                  "lastClassName": "gqWyuG",
                                                  "rules": Array [
                                                    "
  height: ",
                                                    [Function],
                                                    "px;
",
                                                  ],
                                                },
                                                "displayName": "styled.div",
                                                "foldedComponentIds": Array [],
                                                "render": [Function],
                                                "styledComponentId": "sc-gZMcBi",
                                                "target": "div",
                                                "toString": [Function],
                                                "warnTooManyClasses": [Function],
                                                "withComponent": [Function],
                                              }
                                            }
                                            forwardedRef={null}
                                            height={50}
                                          >
                                            <div
                                              className="sc-gZMcBi gqWyuG"
                                              height={50}
                                            />
                                          </StyledComponent>
                                        </styled.div>
                                        <styled.div>
                                          <StyledComponent
                                            forwardedComponent={
                                              Object {
                                                "$$typeof": Symbol(react.forward_ref),
                                                "attrs": Array [],
                                                "componentStyle": ComponentStyle {
                                                  "componentId": "sc-gzVnrw",
                                                  "isStatic": false,
                                                  "lastClassName": "fYzBEx",
                                                  "rules": Array [
                                                    "
  display: flex;
  flex-wrap: wrap;
",
                                                  ],
                                                },
                                                "displayName": "styled.div",
                                                "foldedComponentIds": Array [],
                                                "render": [Function],
                                                "styledComponentId": "sc-gzVnrw",
                                                "target": "div",
                                                "toString": [Function],
                                                "warnTooManyClasses": [Function],
                                                "withComponent": [Function],
                                              }
                                            }
                                            forwardedRef={null}
                                          >
                                            <div
                                              className="sc-gzVnrw fYzBEx"
                                            >
                                              <styled.div
                                                key="0"
                                                onClick={[Function]}
                                              >
                                                <StyledComponent
                                                  forwardedComponent={
                                                    Object {
                                                      "$$typeof": Symbol(react.forward_ref),
                                                      "attrs": Array [],
                                                      "componentStyle": ComponentStyle {
                                                        "componentId": "sc-bZQynM",
                                                        "isStatic": false,
                                                        "lastClassName": "GwRdm",
                                                        "rules": Array [
                                                          "
  width: 30%;
  display: flex;
  margin: 10px;
  flex-direction: column;
",
                                                        ],
                                                      },
                                                      "displayName": "styled.div",
                                                      "foldedComponentIds": Array [],
                                                      "render": [Function],
                                                      "styledComponentId": "sc-bZQynM",
                                                      "target": "div",
                                                      "toString": [Function],
                                                      "warnTooManyClasses": [Function],
                                                      "withComponent": [Function],
                                                    }
                                                  }
                                                  forwardedRef={null}
                                                  onClick={[Function]}
                                                >
                                                  <div
                                                    className="sc-bZQynM GwRdm"
                                                    onClick={[Function]}
                                                  >
                                                    <styled.img
                                                      src="/assets/weather-icons/10d.svg"
                                                    >
                                                      <StyledComponent
                                                        forwardedComponent={
                                                          Object {
                                                            "$$typeof": Symbol(react.forward_ref),
                                                            "attrs": Array [],
                                                            "componentStyle": ComponentStyle {
                                                              "componentId": "sc-EHOje",
                                                              "isStatic": false,
                                                              "lastClassName": "iaSDMT",
                                                              "rules": Array [
                                                                "
  height: 130px;
",
                                                              ],
                                                            },
                                                            "displayName": "styled.img",
                                                            "foldedComponentIds": Array [],
                                                            "render": [Function],
                                                            "styledComponentId": "sc-EHOje",
                                                            "target": "img",
                                                            "toString": [Function],
                                                            "warnTooManyClasses": [Function],
                                                            "withComponent": [Function],
                                                          }
                                                        }
                                                        forwardedRef={null}
                                                        src="/assets/weather-icons/10d.svg"
                                                      >
                                                        <img
                                                          className="sc-EHOje iaSDMT"
                                                          src="/assets/weather-icons/10d.svg"
                                                        />
                                                      </StyledComponent>
                                                    </styled.img>
                                                    <Styled(styled.span)>
                                                      <StyledComponent
                                                        forwardedComponent={
                                                          Object {
                                                            "$$typeof": Symbol(react.forward_ref),
                                                            "attrs": Array [],
                                                            "componentStyle": ComponentStyle {
                                                              "componentId": "sc-htoDjs",
                                                              "isStatic": false,
                                                              "lastClassName": "kMupug",
                                                              "rules": Array [
                                                                "
  color: #333;
  font-weight: 100;
  text-align: center;
",
                                                                "
  font-size: 2em;
",
                                                              ],
                                                            },
                                                            "displayName": "Styled(styled.span)",
                                                            "foldedComponentIds": Array [
                                                              "sc-htpNat",
                                                            ],
                                                            "render": [Function],
                                                            "styledComponentId": "sc-htoDjs",
                                                            "target": "span",
                                                            "toString": [Function],
                                                            "warnTooManyClasses": [Function],
                                                            "withComponent": [Function],
                                                          }
                                                        }
                                                        forwardedRef={null}
                                                      >
                                                        <span
                                                          className="sc-htpNat sc-htoDjs kMupug"
                                                        >
                                                          Sun Dec 08
                                                        </span>
                                                      </StyledComponent>
                                                    </Styled(styled.span)>
                                                    <Styled(styled.span)>
                                                      <StyledComponent
                                                        forwardedComponent={
                                                          Object {
                                                            "$$typeof": Symbol(react.forward_ref),
                                                            "attrs": Array [],
                                                            "componentStyle": ComponentStyle {
                                                              "componentId": "sc-dnqmqq",
                                                              "isStatic": false,
                                                              "lastClassName": "enPosI",
                                                              "rules": Array [
                                                                "
  color: #333;
  font-weight: 100;
  text-align: center;
",
                                                                "
  font-size: 1em;
",
                                                              ],
                                                            },
                                                            "displayName": "Styled(styled.span)",
                                                            "foldedComponentIds": Array [
                                                              "sc-htpNat",
                                                            ],
                                                            "render": [Function],
                                                            "styledComponentId": "sc-dnqmqq",
                                                            "target": "span",
                                                            "toString": [Function],
                                                            "warnTooManyClasses": [Function],
                                                            "withComponent": [Function],
                                                          }
                                                        }
                                                        forwardedRef={null}
                                                      >
                                                        <span
                                                          className="sc-htpNat sc-dnqmqq enPosI"
                                                        >
                                                          Rain
                                                        </span>
                                                      </StyledComponent>
                                                    </Styled(styled.span)>
                                                  </div>
                                                </StyledComponent>
                                              </styled.div>
                                              <styled.div
                                                key="1"
                                                onClick={[Function]}
                                              >
                                                <StyledComponent
                                                  forwardedComponent={
                                                    Object {
                                                      "$$typeof": Symbol(react.forward_ref),
                                                      "attrs": Array [],
                                                      "componentStyle": ComponentStyle {
                                                        "componentId": "sc-bZQynM",
                                                        "isStatic": false,
                                                        "lastClassName": "GwRdm",
                                                        "rules": Array [
                                                          "
  width: 30%;
  display: flex;
  margin: 10px;
  flex-direction: column;
",
                                                        ],
                                                      },
                                                      "displayName": "styled.div",
                                                      "foldedComponentIds": Array [],
                                                      "render": [Function],
                                                      "styledComponentId": "sc-bZQynM",
                                                      "target": "div",
                                                      "toString": [Function],
                                                      "warnTooManyClasses": [Function],
                                                      "withComponent": [Function],
                                                    }
                                                  }
                                                  forwardedRef={null}
                                                  onClick={[Function]}
                                                >
                                                  <div
                                                    className="sc-bZQynM GwRdm"
                                                    onClick={[Function]}
                                                  >
                                                    <styled.img
                                                      src="/assets/weather-icons/10d.svg"
                                                    >
                                                      <StyledComponent
                                                        forwardedComponent={
                                                          Object {
                                                            "$$typeof": Symbol(react.forward_ref),
                                                            "attrs": Array [],
                                                            "componentStyle": ComponentStyle {
                                                              "componentId": "sc-EHOje",
                                                              "isStatic": false,
                                                              "lastClassName": "iaSDMT",
                                                              "rules": Array [
                                                                "
  height: 130px;
",
                                                              ],
                                                            },
                                                            "displayName": "styled.img",
                                                            "foldedComponentIds": Array [],
                                                            "render": [Function],
                                                            "styledComponentId": "sc-EHOje",
                                                            "target": "img",
                                                            "toString": [Function],
                                                            "warnTooManyClasses": [Function],
                                                            "withComponent": [Function],
                                                          }
                                                        }
                                                        forwardedRef={null}
                                                        src="/assets/weather-icons/10d.svg"
                                                      >
                                                        <img
                                                          className="sc-EHOje iaSDMT"
                                                          src="/assets/weather-icons/10d.svg"
                                                        />
                                                      </StyledComponent>
                                                    </styled.img>
                                                    <Styled(styled.span)>
                                                      <StyledComponent
                                                        forwardedComponent={
                                                          Object {
                                                            "$$typeof": Symbol(react.forward_ref),
                                                            "attrs": Array [],
                                                            "componentStyle": ComponentStyle {
                                                              "componentId": "sc-htoDjs",
                                                              "isStatic": false,
                                                              "lastClassName": "kMupug",
                                                              "rules": Array [
                                                                "
  color: #333;
  font-weight: 100;
  text-align: center;
",
                                                                "
  font-size: 2em;
",
                                                              ],
                                                            },
                                                            "displayName": "Styled(styled.span)",
                                                            "foldedComponentIds": Array [
                                                              "sc-htpNat",
                                                            ],
                                                            "render": [Function],
                                                            "styledComponentId": "sc-htoDjs",
                                                            "target": "span",
                                                            "toString": [Function],
                                                            "warnTooManyClasses": [Function],
                                                            "withComponent": [Function],
                                                          }
                                                        }
                                                        forwardedRef={null}
                                                      >
                                                        <span
                                                          className="sc-htpNat sc-htoDjs kMupug"
                                                        >
                                                          Mon Dec 09
                                                        </span>
                                                      </StyledComponent>
                                                    </Styled(styled.span)>
                                                    <Styled(styled.span)>
                                                      <StyledComponent
                                                        forwardedComponent={
                                                          Object {
                                                            "$$typeof": Symbol(react.forward_ref),
                                                            "attrs": Array [],
                                                            "componentStyle": ComponentStyle {
                                                              "componentId": "sc-dnqmqq",
                                                              "isStatic": false,
                                                              "lastClassName": "enPosI",
                                                              "rules": Array [
                                                                "
  color: #333;
  font-weight: 100;
  text-align: center;
",
                                                                "
  font-size: 1em;
",
                                                              ],
                                                            },
                                                            "displayName": "Styled(styled.span)",
                                                            "foldedComponentIds": Array [
                                                              "sc-htpNat",
                                                            ],
                                                            "render": [Function],
                                                            "styledComponentId": "sc-dnqmqq",
                                                            "target": "span",
                                                            "toString": [Function],
                                                            "warnTooManyClasses": [Function],
                                                            "withComponent": [Function],
                                                          }
                                                        }
                                                        forwardedRef={null}
                                                      >
                                                        <span
                                                          className="sc-htpNat sc-dnqmqq enPosI"
                                                        >
                                                          Rain
                                                        </span>
                                                      </StyledComponent>
                                                    </Styled(styled.span)>
                                                  </div>
                                                </StyledComponent>
                                              </styled.div>
                                              <styled.div
                                                key="2"
                                                onClick={[Function]}
                                              >
                                                <StyledComponent
                                                  forwardedComponent={
                                                    Object {
                                                      "$$typeof": Symbol(react.forward_ref),
                                                      "attrs": Array [],
                                                      "componentStyle": ComponentStyle {
                                                        "componentId": "sc-bZQynM",
                                                        "isStatic": false,
                                                        "lastClassName": "GwRdm",
                                                        "rules": Array [
                                                          "
  width: 30%;
  display: flex;
  margin: 10px;
  flex-direction: column;
",
                                                        ],
                                                      },
                                                      "displayName": "styled.div",
                                                      "foldedComponentIds": Array [],
                                                      "render": [Function],
                                                      "styledComponentId": "sc-bZQynM",
                                                      "target": "div",
                                                      "toString": [Function],
                                                      "warnTooManyClasses": [Function],
                                                      "withComponent": [Function],
                                                    }
                                                  }
                                                  forwardedRef={null}
                                                  onClick={[Function]}
                                                >
                                                  <div
                                                    className="sc-bZQynM GwRdm"
                                                    onClick={[Function]}
                                                  >
                                                    <styled.img
                                                      src="/assets/weather-icons/13d.svg"
                                                    >
                                                      <StyledComponent
                                                        forwardedComponent={
                                                          Object {
                                                            "$$typeof": Symbol(react.forward_ref),
                                                            "attrs": Array [],
                                                            "componentStyle": ComponentStyle {
                                                              "componentId": "sc-EHOje",
                                                              "isStatic": false,
                                                              "lastClassName": "iaSDMT",
                                                              "rules": Array [
                                                                "
  height: 130px;
",
                                                              ],
                                                            },
                                                            "displayName": "styled.img",
                                                            "foldedComponentIds": Array [],
                                                            "render": [Function],
                                                            "styledComponentId": "sc-EHOje",
                                                            "target": "img",
                                                            "toString": [Function],
                                                            "warnTooManyClasses": [Function],
                                                            "withComponent": [Function],
                                                          }
                                                        }
                                                        forwardedRef={null}
                                                        src="/assets/weather-icons/13d.svg"
                                                      >
                                                        <img
                                                          className="sc-EHOje iaSDMT"
                                                          src="/assets/weather-icons/13d.svg"
                                                        />
                                                      </StyledComponent>
                                                    </styled.img>
                                                    <Styled(styled.span)>
                                                      <StyledComponent
                                                        forwardedComponent={
                                                          Object {
                                                            "$$typeof": Symbol(react.forward_ref),
                                                            "attrs": Array [],
                                                            "componentStyle": ComponentStyle {
                                                              "componentId": "sc-htoDjs",
                                                              "isStatic": false,
                                                              "lastClassName": "kMupug",
                                                              "rules": Array [
                                                                "
  color: #333;
  font-weight: 100;
  text-align: center;
",
                                                                "
  font-size: 2em;
",
                                                              ],
                                                            },
                                                            "displayName": "Styled(styled.span)",
                                                            "foldedComponentIds": Array [
                                                              "sc-htpNat",
                                                            ],
                                                            "render": [Function],
                                                            "styledComponentId": "sc-htoDjs",
                                                            "target": "span",
                                                            "toString": [Function],
                                                            "warnTooManyClasses": [Function],
                                                            "withComponent": [Function],
                                                          }
                                                        }
                                                        forwardedRef={null}
                                                      >
                                                        <span
                                                          className="sc-htpNat sc-htoDjs kMupug"
                                                        >
                                                          Tue Dec 10
                                                        </span>
                                                      </StyledComponent>
                                                    </Styled(styled.span)>
                                                    <Styled(styled.span)>
                                                      <StyledComponent
                                                        forwardedComponent={
                                                          Object {
                                                            "$$typeof": Symbol(react.forward_ref),
                                                            "attrs": Array [],
                                                            "componentStyle": ComponentStyle {
                                                              "componentId": "sc-dnqmqq",
                                                              "isStatic": false,
                                                              "lastClassName": "enPosI",
                                                              "rules": Array [
                                                                "
  color: #333;
  font-weight: 100;
  text-align: center;
",
                                                                "
  font-size: 1em;
",
                                                              ],
                                                            },
                                                            "displayName": "Styled(styled.span)",
                                                            "foldedComponentIds": Array [
                                                              "sc-htpNat",
                                                            ],
                                                            "render": [Function],
                                                            "styledComponentId": "sc-dnqmqq",
                                                            "target": "span",
                                                            "toString": [Function],
                                                            "warnTooManyClasses": [Function],
                                                            "withComponent": [Function],
                                                          }
                                                        }
                                                        forwardedRef={null}
                                                      >
                                                        <span
                                                          className="sc-htpNat sc-dnqmqq enPosI"
                                                        >
                                                          Snow
                                                        </span>
                                                      </StyledComponent>
                                                    </Styled(styled.span)>
                                                  </div>
                                                </StyledComponent>
                                              </styled.div>
                                              <styled.div
                                                key="3"
                                                onClick={[Function]}
                                              >
                                                <StyledComponent
                                                  forwardedComponent={
                                                    Object {
                                                      "$$typeof": Symbol(react.forward_ref),
                                                      "attrs": Array [],
                                                      "componentStyle": ComponentStyle {
                                                        "componentId": "sc-bZQynM",
                                                        "isStatic": false,
                                                        "lastClassName": "GwRdm",
                                                        "rules": Array [
                                                          "
  width: 30%;
  display: flex;
  margin: 10px;
  flex-direction: column;
",
                                                        ],
                                                      },
                                                      "displayName": "styled.div",
                                                      "foldedComponentIds": Array [],
                                                      "render": [Function],
                                                      "styledComponentId": "sc-bZQynM",
                                                      "target": "div",
                                                      "toString": [Function],
                                                      "warnTooManyClasses": [Function],
                                                      "withComponent": [Function],
                                                    }
                                                  }
                                                  forwardedRef={null}
                                                  onClick={[Function]}
                                                >
                                                  <div
                                                    className="sc-bZQynM GwRdm"
                                                    onClick={[Function]}
                                                  >
                                                    <styled.img
                                                      src="/assets/weather-icons/04d.svg"
                                                    >
                                                      <StyledComponent
                                                        forwardedComponent={
                                                          Object {
                                                            "$$typeof": Symbol(react.forward_ref),
                                                            "attrs": Array [],
                                                            "componentStyle": ComponentStyle {
                                                              "componentId": "sc-EHOje",
                                                              "isStatic": false,
                                                              "lastClassName": "iaSDMT",
                                                              "rules": Array [
                                                                "
  height: 130px;
",
                                                              ],
                                                            },
                                                            "displayName": "styled.img",
                                                            "foldedComponentIds": Array [],
                                                            "render": [Function],
                                                            "styledComponentId": "sc-EHOje",
                                                            "target": "img",
                                                            "toString": [Function],
                                                            "warnTooManyClasses": [Function],
                                                            "withComponent": [Function],
                                                          }
                                                        }
                                                        forwardedRef={null}
                                                        src="/assets/weather-icons/04d.svg"
                                                      >
                                                        <img
                                                          className="sc-EHOje iaSDMT"
                                                          src="/assets/weather-icons/04d.svg"
                                                        />
                                                      </StyledComponent>
                                                    </styled.img>
                                                    <Styled(styled.span)>
                                                      <StyledComponent
                                                        forwardedComponent={
                                                          Object {
                                                            "$$typeof": Symbol(react.forward_ref),
                                                            "attrs": Array [],
                                                            "componentStyle": ComponentStyle {
                                                              "componentId": "sc-htoDjs",
                                                              "isStatic": false,
                                                              "lastClassName": "kMupug",
                                                              "rules": Array [
                                                                "
  color: #333;
  font-weight: 100;
  text-align: center;
",
                                                                "
  font-size: 2em;
",
                                                              ],
                                                            },
                                                            "displayName": "Styled(styled.span)",
                                                            "foldedComponentIds": Array [
                                                              "sc-htpNat",
                                                            ],
                                                            "render": [Function],
                                                            "styledComponentId": "sc-htoDjs",
                                                            "target": "span",
                                                            "toString": [Function],
                                                            "warnTooManyClasses": [Function],
                                                            "withComponent": [Function],
                                                          }
                                                        }
                                                        forwardedRef={null}
                                                      >
                                                        <span
                                                          className="sc-htpNat sc-htoDjs kMupug"
                                                        >
                                                          Wed Dec 11
                                                        </span>
                                                      </StyledComponent>
                                                    </Styled(styled.span)>
                                                    <Styled(styled.span)>
                                                      <StyledComponent
                                                        forwardedComponent={
                                                          Object {
                                                            "$$typeof": Symbol(react.forward_ref),
                                                            "attrs": Array [],
                                                            "componentStyle": ComponentStyle {
                                                              "componentId": "sc-dnqmqq",
                                                              "isStatic": false,
                                                              "lastClassName": "enPosI",
                                                              "rules": Array [
                                                                "
  color: #333;
  font-weight: 100;
  text-align: center;
",
                                                                "
  font-size: 1em;
",
                                                              ],
                                                            },
                                                            "displayName": "Styled(styled.span)",
                                                            "foldedComponentIds": Array [
                                                              "sc-htpNat",
                                                            ],
                                                            "render": [Function],
                                                            "styledComponentId": "sc-dnqmqq",
                                                            "target": "span",
                                                            "toString": [Function],
                                                            "warnTooManyClasses": [Function],
                                                            "withComponent": [Function],
                                                          }
                                                        }
                                                        forwardedRef={null}
                                                      >
                                                        <span
                                                          className="sc-htpNat sc-dnqmqq enPosI"
                                                        >
                                                          Clouds
                                                        </span>
                                                      </StyledComponent>
                                                    </Styled(styled.span)>
                                                  </div>
                                                </StyledComponent>
                                              </styled.div>
                                              <styled.div
                                                key="4"
                                                onClick={[Function]}
                                              >
                                                <StyledComponent
                                                  forwardedComponent={
                                                    Object {
                                                      "$$typeof": Symbol(react.forward_ref),
                                                      "attrs": Array [],
                                                      "componentStyle": ComponentStyle {
                                                        "componentId": "sc-bZQynM",
                                                        "isStatic": false,
                                                        "lastClassName": "GwRdm",
                                                        "rules": Array [
                                                          "
  width: 30%;
  display: flex;
  margin: 10px;
  flex-direction: column;
",
                                                        ],
                                                      },
                                                      "displayName": "styled.div",
                                                      "foldedComponentIds": Array [],
                                                      "render": [Function],
                                                      "styledComponentId": "sc-bZQynM",
                                                      "target": "div",
                                                      "toString": [Function],
                                                      "warnTooManyClasses": [Function],
                                                      "withComponent": [Function],
                                                    }
                                                  }
                                                  forwardedRef={null}
                                                  onClick={[Function]}
                                                >
                                                  <div
                                                    className="sc-bZQynM GwRdm"
                                                    onClick={[Function]}
                                                  >
                                                    <styled.img
                                                      src="/assets/weather-icons/03d.svg"
                                                    >
                                                      <StyledComponent
                                                        forwardedComponent={
                                                          Object {
                                                            "$$typeof": Symbol(react.forward_ref),
                                                            "attrs": Array [],
                                                            "componentStyle": ComponentStyle {
                                                              "componentId": "sc-EHOje",
                                                              "isStatic": false,
                                                              "lastClassName": "iaSDMT",
                                                              "rules": Array [
                                                                "
  height: 130px;
",
                                                              ],
                                                            },
                                                            "displayName": "styled.img",
                                                            "foldedComponentIds": Array [],
                                                            "render": [Function],
                                                            "styledComponentId": "sc-EHOje",
                                                            "target": "img",
                                                            "toString": [Function],
                                                            "warnTooManyClasses": [Function],
                                                            "withComponent": [Function],
                                                          }
                                                        }
                                                        forwardedRef={null}
                                                        src="/assets/weather-icons/03d.svg"
                                                      >
                                                        <img
                                                          className="sc-EHOje iaSDMT"
                                                          src="/assets/weather-icons/03d.svg"
                                                        />
                                                      </StyledComponent>
                                                    </styled.img>
                                                    <Styled(styled.span)>
                                                      <StyledComponent
                                                        forwardedComponent={
                                                          Object {
                                                            "$$typeof": Symbol(react.forward_ref),
                                                            "attrs": Array [],
                                                            "componentStyle": ComponentStyle {
                                                              "componentId": "sc-htoDjs",
                                                              "isStatic": false,
                                                              "lastClassName": "kMupug",
                                                              "rules": Array [
                                                                "
  color: #333;
  font-weight: 100;
  text-align: center;
",
                                                                "
  font-size: 2em;
",
                                                              ],
                                                            },
                                                            "displayName": "Styled(styled.span)",
                                                            "foldedComponentIds": Array [
                                                              "sc-htpNat",
                                                            ],
                                                            "render": [Function],
                                                            "styledComponentId": "sc-htoDjs",
                                                            "target": "span",
                                                            "toString": [Function],
                                                            "warnTooManyClasses": [Function],
                                                            "withComponent": [Function],
                                                          }
                                                        }
                                                        forwardedRef={null}
                                                      >
                                                        <span
                                                          className="sc-htpNat sc-htoDjs kMupug"
                                                        >
                                                          Thu Dec 12
                                                        </span>
                                                      </StyledComponent>
                                                    </Styled(styled.span)>
                                                    <Styled(styled.span)>
                                                      <StyledComponent
                                                        forwardedComponent={
                                                          Object {
                                                            "$$typeof": Symbol(react.forward_ref),
                                                            "attrs": Array [],
                                                            "componentStyle": ComponentStyle {
                                                              "componentId": "sc-dnqmqq",
                                                              "isStatic": false,
                                                              "lastClassName": "enPosI",
                                                              "rules": Array [
                                                                "
  color: #333;
  font-weight: 100;
  text-align: center;
",
                                                                "
  font-size: 1em;
",
                                                              ],
                                                            },
                                                            "displayName": "Styled(styled.span)",
                                                            "foldedComponentIds": Array [
                                                              "sc-htpNat",
                                                            ],
                                                            "render": [Function],
                                                            "styledComponentId": "sc-dnqmqq",
                                                            "target": "span",
                                                            "toString": [Function],
                                                            "warnTooManyClasses": [Function],
                                                            "withComponent": [Function],
                                                          }
                                                        }
                                                        forwardedRef={null}
                                                      >
                                                        <span
                                                          className="sc-htpNat sc-dnqmqq enPosI"
                                                        >
                                                          Clouds
                                                        </span>
                                                      </StyledComponent>
                                                    </Styled(styled.span)>
                                                  </div>
                                                </StyledComponent>
                                              </styled.div>
                                            </div>
                                          </StyledComponent>
                                        </styled.div>
                                      </div>
                                    </StyledComponent>
                                  </styled.div>
                                </ForecastList>
                              </withRouter(ForecastList)>
                            </div>
                          </Transition>
                        </Fade>
                      </StyledComponent>
                    </Styled(Fade)>
                  </div>
                </Container>
              </div>
            </StyledComponent>
          </styled.div>
        </Forecast>
      </withRouter(Forecast)>
    </Route>
  </Router>
</MemoryRouter>
`;
