// Jest Snapshot v1, https://goo.gl/fbAQLP

exports[`Forecast to match snapshot 1`] = `
.c3 {
  color: #333;
  font-weight: 100;
  text-align: center;
  font-size: 3rem;
  margin-top: 30px;
}

.c4 {
  color: #333;
  font-weight: 100;
  text-align: center;
  font-size: 1rem;
}

.c8 {
  height: 130px;
}

.c7 {
  width: 30%;
  display: -webkit-box;
  display: -webkit-flex;
  display: -ms-flexbox;
  display: flex;
  margin: 10px;
  -webkit-flex-direction: column;
  -ms-flex-direction: column;
  flex-direction: column;
}

.c6 {
  display: -webkit-box;
  display: -webkit-flex;
  display: -ms-flexbox;
  display: flex;
  -webkit-flex-wrap: wrap;
  -ms-flex-wrap: wrap;
  flex-wrap: wrap;
  -webkit-box-pack: center;
  -webkit-justify-content: center;
  -ms-flex-pack: center;
  justify-content: center;
}

.c9 {
  color: #333;
  font-weight: 100;
  text-align: center;
  font-size: 2em;
}

.c10 {
  color: #333;
  font-weight: 100;
  text-align: center;
  font-size: 1em;
}

.c2 {
  -webkit-align-items: center;
  -webkit-box-align: center;
  -ms-flex-align: center;
  align-items: center;
  -webkit-box-pack: space-around;
  -webkit-justify-content: space-around;
  -ms-flex-pack: space-around;
  justify-content: space-around;
  display: -webkit-box;
  display: -webkit-flex;
  display: -ms-flexbox;
  display: flex;
  -webkit-flex-direction: column;
  -ms-flex-direction: column;
  flex-direction: column;
  -webkit-flex: 1;
  -ms-flex: 1;
  flex: 1;
  height: 100%;
}

.c5 {
  height: 50px;
}

.c0 {
  background-color: white;
}

.c1 {
  height: 100%;
}

<MemoryRouter
  initialEntries={
    Array [
      "/forecast/cambridge",
    ]
  }
  keyLength={0}
>
  <Router
    history={
      Object {
        "action": "POP",
        "block": [Function],
        "canGo": [Function],
        "createHref": [Function],
        "entries": Array [
          Object {
            "hash": "",
            "pathname": "/forecast/cambridge",
            "search": "",
            "state": undefined,
          },
        ],
        "go": [Function],
        "goBack": [Function],
        "goForward": [Function],
        "index": 0,
        "length": 1,
        "listen": [Function],
        "location": Object {
          "hash": "",
          "pathname": "/forecast/cambridge",
          "search": "",
          "state": undefined,
        },
        "push": [Function],
        "replace": [Function],
      }
    }
  >
    <Route
      path="/forecast/:city"
    >
      <withRouter(Forecast)>
        <Forecast
          history={
            Object {
              "action": "POP",
              "block": [Function],
              "canGo": [Function],
              "createHref": [Function],
              "entries": Array [
                Object {
                  "hash": "",
                  "pathname": "/forecast/cambridge",
                  "search": "",
                  "state": undefined,
                },
              ],
              "go": [Function],
              "goBack": [Function],
              "goForward": [Function],
              "index": 0,
              "length": 1,
              "listen": [Function],
              "location": Object {
                "hash": "",
                "pathname": "/forecast/cambridge",
                "search": "",
                "state": undefined,
              },
              "push": [Function],
              "replace": [Function],
            }
          }
          location={
            Object {
              "hash": "",
              "pathname": "/forecast/cambridge",
              "search": "",
              "state": undefined,
            }
          }
          match={
            Object {
              "isExact": true,
              "params": Object {
                "city": "cambridge",
              },
              "path": "/forecast/:city",
              "url": "/forecast/cambridge",
            }
          }
        >
          <styled.div>
            <div
              className="c0"
            >
              <Container
                tag="div"
              >
                <div
                  className="container"
                >
                  <Styled(Fade)
                    in={true}
                    tag="div"
                  >
                    <Fade
                      appear={true}
                      baseClass="fade"
                      baseClassActive="show"
                      className="c1"
                      enter={true}
                      exit={true}
                      in={true}
                      mountOnEnter={false}
                      onEnter={[Function]}
                      onEntered={[Function]}
                      onEntering={[Function]}
                      onExit={[Function]}
                      onExited={[Function]}
                      onExiting={[Function]}
                      tag="div"
                      timeout={150}
                      unmountOnExit={false}
                    >
                      <Transition
                        appear={true}
                        enter={true}
                        exit={true}
                        in={true}
                        mountOnEnter={false}
                        onEnter={[Function]}
                        onEntered={[Function]}
                        onEntering={[Function]}
                        onExit={[Function]}
                        onExited={[Function]}
                        onExiting={[Function]}
                        timeout={150}
                        unmountOnExit={false}
                      >
                        <div
                          className="c1 fade"
                        >
                          <withRouter(ForecastList)>
                            <ForecastList
                              history={
                                Object {
                                  "action": "POP",
                                  "block": [Function],
                                  "canGo": [Function],
                                  "createHref": [Function],
                                  "entries": Array [
                                    Object {
                                      "hash": "",
                                      "pathname": "/forecast/cambridge",
                                      "search": "",
                                      "state": undefined,
                                    },
                                  ],
                                  "go": [Function],
                                  "goBack": [Function],
                                  "goForward": [Function],
                                  "index": 0,
                                  "length": 1,
                                  "listen": [Function],
                                  "location": Object {
                                    "hash": "",
                                    "pathname": "/forecast/cambridge",
                                    "search": "",
                                    "state": undefined,
                                  },
                                  "push": [Function],
                                  "replace": [Function],
                                }
                              }
                              location={
                                Object {
                                  "hash": "",
                                  "pathname": "/forecast/cambridge",
                                  "search": "",
                                  "state": undefined,
                                }
                              }
                              match={
                                Object {
                                  "isExact": true,
                                  "params": Object {
                                    "city": "cambridge",
                                  },
                                  "path": "/forecast/:city",
                                  "url": "/forecast/cambridge",
                                }
                              }
                            >
                              <styled.div>
                                <div
                                  className="c2"
                                >
                                  <Styled(styled.span)>
                                    <span
                                      className="sc-AykKE c3"
                                    >
                                      Cambridge
                                      , 
                                      CA
                                    </span>
                                  </Styled(styled.span)>
                                  <Styled(styled.span)>
                                    <span
                                      className="sc-AykKE c4"
                                    >
                                      Population: 
                                      120372
                                    </span>
                                  </Styled(styled.span)>
                                  <styled.div
                                    height={50}
                                  >
                                    <div
                                      className="c5"
                                      height={50}
                                    />
                                  </styled.div>
                                  <styled.div>
                                    <div
                                      className="c6"
                                    >
                                      <styled.div
                                        key="0"
                                        onClick={[Function]}
                                      >
                                        <div
                                          className="c7"
                                          onClick={[Function]}
                                        >
                                          <styled.img
                                            src="/assets/weather-icons/10d.svg"
                                          >
                                            <img
                                              className="c8"
                                              src="/assets/weather-icons/10d.svg"
                                            />
                                          </styled.img>
                                          <Styled(styled.span)>
                                            <span
                                              className="sc-AykKE c9"
                                            >
                                              Sun Feb 02
                                            </span>
                                          </Styled(styled.span)>
                                          <Styled(styled.span)>
                                            <span
                                              className="sc-AykKE c10"
                                            >
                                              Rain
                                            </span>
                                          </Styled(styled.span)>
                                        </div>
                                      </styled.div>
                                      <styled.div
                                        key="1"
                                        onClick={[Function]}
                                      >
                                        <div
                                          className="c7"
                                          onClick={[Function]}
                                        >
                                          <styled.img
                                            src="/assets/weather-icons/10d.svg"
                                          >
                                            <img
                                              className="c8"
                                              src="/assets/weather-icons/10d.svg"
                                            />
                                          </styled.img>
                                          <Styled(styled.span)>
                                            <span
                                              className="sc-AykKE c9"
                                            >
                                              Mon Feb 03
                                            </span>
                                          </Styled(styled.span)>
                                          <Styled(styled.span)>
                                            <span
                                              className="sc-AykKE c10"
                                            >
                                              Rain
                                            </span>
                                          </Styled(styled.span)>
                                        </div>
                                      </styled.div>
                                      <styled.div
                                        key="2"
                                        onClick={[Function]}
                                      >
                                        <div
                                          className="c7"
                                          onClick={[Function]}
                                        >
                                          <styled.img
                                            src="/assets/weather-icons/13d.svg"
                                          >
                                            <img
                                              className="c8"
                                              src="/assets/weather-icons/13d.svg"
                                            />
                                          </styled.img>
                                          <Styled(styled.span)>
                                            <span
                                              className="sc-AykKE c9"
                                            >
                                              Tue Feb 04
                                            </span>
                                          </Styled(styled.span)>
                                          <Styled(styled.span)>
                                            <span
                                              className="sc-AykKE c10"
                                            >
                                              Snow
                                            </span>
                                          </Styled(styled.span)>
                                        </div>
                                      </styled.div>
                                      <styled.div
                                        key="3"
                                        onClick={[Function]}
                                      >
                                        <div
                                          className="c7"
                                          onClick={[Function]}
                                        >
                                          <styled.img
                                            src="/assets/weather-icons/04d.svg"
                                          >
                                            <img
                                              className="c8"
                                              src="/assets/weather-icons/04d.svg"
                                            />
                                          </styled.img>
                                          <Styled(styled.span)>
                                            <span
                                              className="sc-AykKE c9"
                                            >
                                              Wed Feb 05
                                            </span>
                                          </Styled(styled.span)>
                                          <Styled(styled.span)>
                                            <span
                                              className="sc-AykKE c10"
                                            >
                                              Clouds
                                            </span>
                                          </Styled(styled.span)>
                                        </div>
                                      </styled.div>
                                      <styled.div
                                        key="4"
                                        onClick={[Function]}
                                      >
                                        <div
                                          className="c7"
                                          onClick={[Function]}
                                        >
                                          <styled.img
                                            src="/assets/weather-icons/03d.svg"
                                          >
                                            <img
                                              className="c8"
                                              src="/assets/weather-icons/03d.svg"
                                            />
                                          </styled.img>
                                          <Styled(styled.span)>
                                            <span
                                              className="sc-AykKE c9"
                                            >
                                              Thu Feb 06
                                            </span>
                                          </Styled(styled.span)>
                                          <Styled(styled.span)>
                                            <span
                                              className="sc-AykKE c10"
                                            >
                                              Clouds
                                            </span>
                                          </Styled(styled.span)>
                                        </div>
                                      </styled.div>
                                    </div>
                                  </styled.div>
                                </div>
                              </styled.div>
                            </ForecastList>
                          </withRouter(ForecastList)>
                        </div>
                      </Transition>
                    </Fade>
                  </Styled(Fade)>
                </div>
              </Container>
            </div>
          </styled.div>
        </Forecast>
      </withRouter(Forecast)>
    </Route>
  </Router>
</MemoryRouter>
`;
