// Jest Snapshot v1, https://goo.gl/fbAQLP

exports[`Search to match snapshot 1`] = `
<MemoryRouter
  initialEntries={
    Array [
      "/",
    ]
  }
  keyLength={0}
>
  <Router
    history={
      Object {
        "action": "PUSH",
        "block": [Function],
        "canGo": [Function],
        "createHref": [Function],
        "entries": Array [
          Object {
            "hash": "",
            "pathname": "/",
            "search": "",
            "state": undefined,
          },
          Object {
            "hash": "",
            "pathname": "/forecast/testing",
            "search": "",
            "state": undefined,
          },
        ],
        "go": [Function],
        "goBack": [Function],
        "goForward": [Function],
        "index": 1,
        "length": 2,
        "listen": [Function],
        "location": Object {
          "hash": "",
          "pathname": "/forecast/testing",
          "search": "",
          "state": undefined,
        },
        "push": [Function],
        "replace": [Function],
      }
    }
  >
    <withRouter(Search)>
      <Search
        history={
          Object {
            "action": "PUSH",
            "block": [Function],
            "canGo": [Function],
            "createHref": [Function],
            "entries": Array [
              Object {
                "hash": "",
                "pathname": "/",
                "search": "",
                "state": undefined,
              },
              Object {
                "hash": "",
                "pathname": "/forecast/testing",
                "search": "",
                "state": undefined,
              },
            ],
            "go": [Function],
            "goBack": [Function],
            "goForward": [Function],
            "index": 1,
            "length": 2,
            "listen": [Function],
            "location": Object {
              "hash": "",
              "pathname": "/forecast/testing",
              "search": "",
              "state": undefined,
            },
            "push": [Function],
            "replace": [Function],
          }
        }
        location={
          Object {
            "hash": "",
            "pathname": "/forecast/testing",
            "search": "",
            "state": undefined,
          }
        }
        match={
          Object {
            "isExact": false,
            "params": Object {},
            "path": "/",
            "url": "/",
          }
        }
      >
        <styled.div>
          <div
            className="sc-AykKC iwRJSO"
          >
            <Form
              onSubmit={[Function]}
              tag="form"
            >
              <form
                className=""
                onSubmit={[Function]}
              >
                <Styled(InputGroup)>
                  <InputGroup
                    className="sc-AykKD kDqypH"
                    tag="div"
                  >
                    <div
                      className="sc-AykKD kDqypH input-group"
                    >
                      <Input
                        onChange={[Function]}
                        placeholder="St. George, Utah"
                        type="text"
                        valid={true}
                        value="testing"
                      >
                        <input
                          className="is-valid form-control"
                          onChange={[Function]}
                          placeholder="St. George, Utah"
                          type="text"
                          value="testing"
                        />
                      </Input>
                      <InputGroupAddon
                        addonType="append"
                        tag="div"
                      >
                        <div
                          className="input-group-append"
                        >
                          <Button
                            color="success"
                            disabled={false}
                            onClick={[Function]}
                            tag="button"
                            type="submit"
                          >
                            <button
                              aria-label={null}
                              className="btn btn-success"
                              disabled={false}
                              onClick={[Function]}
                              type="submit"
                            >
                              Get Weather
                            </button>
                          </Button>
                        </div>
                      </InputGroupAddon>
                    </div>
                  </InputGroup>
                </Styled(InputGroup)>
              </form>
            </Form>
          </div>
        </styled.div>
      </Search>
    </withRouter(Search)>
    <Route
      path="*"
      render={[Function]}
    />
  </Router>
</MemoryRouter>
`;
